Information: Updating graph... (UID-83)
Information: Updating design information... (UID-85)
Information: Input delay ('rise') on clock port 'gclk' will be added to the clock's propagated skew. (TIM-112)
Information: Input delay ('fall') on clock port 'gclk' will be added to the clock's propagated skew. (TIM-112)
 
****************************************
Report : timing
        -path full
        -delay min
        -max_paths 1
Design : fpu
Version: L-2016.03-SP5-1
Date   : Mon Mar  6 16:17:29 2017
****************************************

 * Some/all delay information is back-annotated.

Operating Conditions: TYPICAL   Library: saed90nm_typ
	Parasitic source    : LPE
	Parasitic mode      : RealRC
	Extraction mode     : MIN_MAX
	Extraction derating : 125/125/125

Information: Percent of Arnoldi-based delays = 19.43%

  Startpoint: cluster_header/I0/sync_cluster_master/q_r_reg
              (rising edge-triggered flip-flop clocked by gclk)
  Endpoint: cluster_header/I0/sync_cluster_slave/so_l_reg
            (positive level-sensitive latch clocked by gclk')
  Path Group: gclk
  Path Type: min

  Point                                                   Incr       Path
  --------------------------------------------------------------------------
  clock gclk (rise edge)                                  2.00       2.00
  clock network delay (propagated)                        0.54       2.54
  cluster_header/I0/sync_cluster_master/q_r_reg/CLK (DFFX1)
                                                          0.00       2.54 r
  cluster_header/I0/sync_cluster_master/q_r_reg/QN (DFFX1)
                                                          0.16       2.70 r
  cluster_header/I0/sync_cluster_slave/so_l_reg/D (LATCHX1)
                                                          0.00 &     2.70 r
  data arrival time                                                  2.70

  clock gclk' (fall edge)                                 2.00       2.00
  clock network delay (propagated)                        0.58       2.58
  cluster_header/I0/sync_cluster_slave/so_l_reg/CLK (LATCHX1)
                                                          0.00       2.58 f
  library hold time                                      -0.02       2.55
  data required time                                                 2.55
  --------------------------------------------------------------------------
  data required time                                                 2.55
  data arrival time                                                 -2.70
  --------------------------------------------------------------------------
  slack (MET)                                                        0.15


1
