Information: Propagating switching activity (low effort zero delay simulation). (PWR-6)
Warning: Design has unannotated primary inputs. (PWR-414)
Warning: Design has unannotated sequential cell outputs. (PWR-415)
 
****************************************
Report : power
        -analysis_effort low
Design : fpu
Version: L-2016.03-SP5-1
Date   : Mon Mar  6 16:17:33 2017
****************************************


Library(s) Used:

    saed90nm_typ (File: /mnt/class_data/ecec574-f2016/SAED_EDK90nm/Digital_Standard_cell_Library/synopsys/models/saed90nm_typ.db)


Operating Conditions: TYPICAL   Library: saed90nm_typ
Wire Load Model Mode: enclosed

Design        Wire Load Model            Library
------------------------------------------------
fpu                    540000            saed90nm_max
fpu_div                70000             saed90nm_max
fpu_mul                280000            saed90nm_max
fpu_add                140000            saed90nm_max
bw_r_rf16x160          140000            saed90nm_max
fpu_div_frac_dp        70000             saed90nm_max
mul64                  140000            saed90nm_max
fpu_mul_frac_dp        70000             saed90nm_max
fpu_add_frac_dp        140000            saed90nm_max
mul_array1_0           70000             saed90nm_max
mul_array1_1           35000             saed90nm_max


Global Operating Voltage = 1.2  
Power-specific unit information :
    Voltage Units = 1V
    Capacitance Units = 1.000000ff
    Time Units = 1ns
    Dynamic Power Units = 1uW    (derived from V,C,T units)
    Leakage Power Units = 1pW


  Cell Internal Power  =   3.7202 mW   (38%)
  Net Switching Power  =   6.1302 mW   (62%)
                         ---------
Total Dynamic Power    =   9.8504 mW  (100%)

Cell Leakage Power     =   2.0867 mW


                 Internal         Switching           Leakage            Total
Power Group      Power            Power               Power              Power   (   %    )  Attrs
--------------------------------------------------------------------------------------------------
io_pad             0.0000            0.0000            0.0000            0.0000  (   0.00%)
memory             0.0000            0.0000            0.0000            0.0000  (   0.00%)
black_box          0.0000            0.0000            0.0000            0.0000  (   0.00%)
clock_network  1.8789e+03        4.6921e+03        8.3255e+06        6.5793e+03  (  55.12%)
register         745.6655          285.0728        6.1356e+08        1.6443e+03  (  13.77%)
sequential     -2.9818e-02        3.1190e-02        2.6405e+08          264.0510 (   2.21%)
combinational  1.0956e+03        1.1530e+03        1.2008e+09        3.4495e+03  (  28.90%)
--------------------------------------------------------------------------------------------------
Total          3.7201e+03 uW     6.1302e+03 uW     2.0867e+09 pW     1.1937e+04 uW
1
