Information: Propagating switching activity (low effort zero delay simulation). (PWR-6)
Warning: Design has unannotated primary inputs. (PWR-414)
Warning: Design has unannotated sequential cell outputs. (PWR-415)
 
****************************************
Report : power
        -analysis_effort low
Design : fpu
Version: L-2016.03-SP5-1
Date   : Wed Mar  8 12:53:26 2017
****************************************


Library(s) Used:

    saed90nm_typ (File: /mnt/class_data/ecec574-f2016/SAED_EDK90nm/Digital_Standard_cell_Library/synopsys/models/saed90nm_typ.db)


Operating Conditions: TYPICAL   Library: saed90nm_typ
Wire Load Model Mode: enclosed

Design        Wire Load Model            Library
------------------------------------------------
fpu                    540000            saed90nm_typ
fpu_div                70000             saed90nm_typ
fpu_mul                280000            saed90nm_typ
fpu_add                140000            saed90nm_typ
bw_r_rf16x160          140000            saed90nm_typ
fpu_div_frac_dp        35000             saed90nm_typ
mul64                  140000            saed90nm_typ
fpu_mul_frac_dp        35000             saed90nm_typ
fpu_add_frac_dp        140000            saed90nm_typ
mul_array1_0           35000             saed90nm_typ
mul_array1_1           35000             saed90nm_typ


Global Operating Voltage = 1.2  
Power-specific unit information :
    Voltage Units = 1V
    Capacitance Units = 1.000000ff
    Time Units = 1ns
    Dynamic Power Units = 1uW    (derived from V,C,T units)
    Leakage Power Units = 1pW


  Cell Internal Power  =   4.4243 mW   (43%)
  Net Switching Power  =   5.8426 mW   (57%)
                         ---------
Total Dynamic Power    =  10.2670 mW  (100%)

Cell Leakage Power     =   1.9870 mW


                 Internal         Switching           Leakage            Total
Power Group      Power            Power               Power              Power   (   %    )  Attrs
--------------------------------------------------------------------------------------------------
io_pad             0.0000            0.0000            0.0000            0.0000  (   0.00%)
memory             0.0000            0.0000            0.0000            0.0000  (   0.00%)
black_box          0.0000            0.0000            0.0000            0.0000  (   0.00%)
clock_network  2.1753e+03        4.5359e+03        9.6457e+06        6.7208e+03  (  54.85%)
register       1.1935e+03          317.1858        6.1328e+08        2.1239e+03  (  17.33%)
sequential     -5.5446e-02            0.0000        2.6403e+08          263.9706 (   2.15%)
combinational  1.0556e+03          989.5478        1.1000e+09        3.1452e+03  (  25.67%)
--------------------------------------------------------------------------------------------------
Total          4.4243e+03 uW     5.8426e+03 uW     1.9870e+09 pW     1.2254e+04 uW
1
