Information: Updating graph... (UID-83)
Information: Updating design information... (UID-85)
Information: Input delay ('rise') on clock port 'gclk' will be added to the clock's propagated skew. (TIM-112)
Information: Input delay ('fall') on clock port 'gclk' will be added to the clock's propagated skew. (TIM-112)
 
****************************************
Report : timing
        -path full
        -delay min
        -max_paths 1
Design : fpu
Version: L-2016.03-SP5-1
Date   : Wed Mar  8 12:53:22 2017
****************************************

 * Some/all delay information is back-annotated.

Operating Conditions: TYPICAL   Library: saed90nm_typ
	Parasitic source    : LPE
	Parasitic mode      : RealRC
	Extraction mode     : MIN_MAX
	Extraction derating : 25/25/25

Information: Percent of Arnoldi-based delays = 24.83%

  Startpoint: cluster_header/I0/sync_cluster_master/q_r_reg
              (rising edge-triggered flip-flop clocked by gclk)
  Endpoint: cluster_header/I0/sync_cluster_slave/so_l_reg
            (positive level-sensitive latch clocked by gclk')
  Path Group: gclk
  Path Type: min

  Point                                                   Incr       Path
  --------------------------------------------------------------------------
  clock gclk (rise edge)                                  2.00       2.00
  clock network delay (propagated)                        0.51       2.51
  cluster_header/I0/sync_cluster_master/q_r_reg/CLK (DFFX1)
                                                          0.00       2.51 r
  cluster_header/I0/sync_cluster_master/q_r_reg/QN (DFFX1)
                                                          0.16       2.67 r
  cluster_header/I0/sync_cluster_slave/so_l_reg/D (LATCHX1)
                                                          0.00 &     2.67 r
  data arrival time                                                  2.67

  clock gclk' (fall edge)                                 2.00       2.00
  clock network delay (propagated)                        0.52       2.52
  cluster_header/I0/sync_cluster_slave/so_l_reg/CLK (LATCHX1)
                                                          0.00       2.52 f
  library hold time                                      -0.03       2.50
  data required time                                                 2.50
  --------------------------------------------------------------------------
  data required time                                                 2.50
  data arrival time                                                 -2.67
  --------------------------------------------------------------------------
  slack (MET)                                                        0.17


1
