Information: Propagating switching activity (low effort zero delay simulation). (PWR-6)
Warning: Design has unannotated primary inputs. (PWR-414)
Warning: Design has unannotated sequential cell outputs. (PWR-415)
 
****************************************
Report : power
        -analysis_effort low
Design : fpu
Version: L-2016.03-SP5-1
Date   : Mon Mar 13 14:03:38 2017
****************************************


Library(s) Used:

    saed90nm_typ (File: /mnt/class_data/ecec574-f2016/SAED_EDK90nm/Digital_Standard_cell_Library/synopsys/models/saed90nm_typ.db)


Operating Conditions: TYPICAL   Library: saed90nm_typ
Wire Load Model Mode: enclosed

Design        Wire Load Model            Library
------------------------------------------------
fpu                    540000            saed90nm_typ
fpu_div                70000             saed90nm_typ
fpu_mul                280000            saed90nm_typ
fpu_add                140000            saed90nm_typ
bw_r_rf16x160          140000            saed90nm_typ
fpu_div_frac_dp        35000             saed90nm_typ
mul64                  140000            saed90nm_typ
fpu_mul_frac_dp        35000             saed90nm_typ
fpu_add_frac_dp        140000            saed90nm_typ
mul_array1_0           35000             saed90nm_typ
mul_array1_1           35000             saed90nm_typ


Global Operating Voltage = 1.2  
Power-specific unit information :
    Voltage Units = 1V
    Capacitance Units = 1.000000ff
    Time Units = 1ns
    Dynamic Power Units = 1uW    (derived from V,C,T units)
    Leakage Power Units = 1pW


  Cell Internal Power  =   3.9928 mW   (40%)
  Net Switching Power  =   5.9859 mW   (60%)
                         ---------
Total Dynamic Power    =   9.9787 mW  (100%)

Cell Leakage Power     =   1.9862 mW


                 Internal         Switching           Leakage            Total
Power Group      Power            Power               Power              Power   (   %    )  Attrs
--------------------------------------------------------------------------------------------------
io_pad             0.0000            0.0000            0.0000            0.0000  (   0.00%)
memory             0.0000            0.0000            0.0000            0.0000  (   0.00%)
black_box          0.0000            0.0000            0.0000            0.0000  (   0.00%)
clock_network  1.9230e+03        4.6005e+03        8.0651e+06        6.5315e+03  (  54.59%)
register       1.0029e+03          313.9825        6.1271e+08        1.9296e+03  (  16.13%)
sequential     -5.2923e-02        1.2884e-02        2.6403e+08          263.9922 (   2.21%)
combinational  1.0671e+03        1.0714e+03        1.1014e+09        3.2399e+03  (  27.08%)
--------------------------------------------------------------------------------------------------
Total          3.9928e+03 uW     5.9859e+03 uW     1.9862e+09 pW     1.1965e+04 uW
1
