 
****************************************
Report : timing
        -path full_clock
        -delay max
        -physical
        -derate
        -input_pins
        -nets
        -max_paths 1
        -transition_time
        -crosstalk_delta
        -capacitance
Design : fpu
Version: L-2016.03-SP5-1
Date   : Mon Mar 13 14:54:48 2017
****************************************

 * Some/all delay information is back-annotated.

Operating Conditions: TYPICAL   Library: saed90nm_typ

Information: Percent of Arnoldi-based delays = 25.47%

  Startpoint: fpu_in/fpu_in_ctl/i_fp_type_in/q_reg[1]
              (rising edge-triggered flip-flop clocked by gclk)
  Endpoint: fpu_mul/fpu_mul_exp_dp/ckbuf_mul_exp_dp/clken_reg
            (positive level-sensitive latch clocked by gclk')
  Path Group: gclk
  Path Type: max

Attributes:
    d - dont_touch
    u - dont_use
   mo - map_only
   so - size_only
    i - ideal_net or ideal_network

  Point                                       Fanout       Cap     DTran     Trans     Delta     Derate      Incr       Path      Location / Load        Attributes
  -----------------------------------------------------------------------------------------------------------------------------------------------------------------
  clock gclk (rise edge)                                                                                    0.000      0.000
  gclk (in)                                                                  0.000                          0.000 @    0.000 r    (843.76,450.36)
  gclk (net)                                    2       47.340                                              0.000      0.000 r    [15.96,47.34]          d 
  U2423/INP (INVX8)                                                0.000     0.008     0.000                0.003 @    0.003 r    (673.35,452.85)        d 
  U2423/ZN (INVX8)                                                           0.012                          0.011 @    0.014 f    (673.87,452.72)        d 
  n747 (net)                                    2       20.116                                              0.000      0.014 f    [5.49,20.12]           d 
  U2424/IN2 (NOR2X4)                                               0.000     0.012     0.000                0.000 @    0.014 f    (629.46,455.36)        d 
  U2424/QN (NOR2X4)                                                          0.149                          0.072 @    0.086 r    (628.64,455.34)        d 
  rclk (net)                                    7       85.527                                              0.000      0.086 r    [63.31,85.53]          d 
  NBUFFX8_G3B3I2/INP (NBUFFX8)                                     0.000     0.150     0.000                0.006 @    0.092 r    (405.48,294.28)        d 
  NBUFFX8_G3B3I2/Z (NBUFFX8)                                                 0.084                          0.141 @    0.233 r    (407.91,294.44)        d 
  rclk_G3B1I2 (net)                             3       45.937                                              0.000      0.233 r    [33.19,45.94]          d 
  CTS_gclk_CTO_delay5/INP (NBUFFX2)                                0.000     0.084     0.000                0.001 @    0.234 r    (493.28,254.09)        d 
  CTS_gclk_CTO_delay5/Z (NBUFFX2)                                            0.044                          0.084 @    0.318 r    (492.66,254.12)        d 
  CTS_gclk_CTO_delay51 (net)                    1        4.297                                              0.000      0.318 r    [0.35,4.30]            d 
  NBUFFX8_G3B2I3/INP (NBUFFX2)                                     0.000     0.044     0.000                0.000 @    0.318 r    (492.08,251.27)        d 
  NBUFFX8_G3B2I3/Z (NBUFFX2)                                                 0.062                          0.081 @    0.399 r    (492.70,251.24)        d 
  rclk_G3B2I3 (net)                             2       19.444                                              0.000      0.399 r    [13.49,19.44]          d 
  NBUFFX8_G3B1I6/INP (NBUFFX4)                                     0.000     0.062     0.000                0.001 @    0.400 r    (499.68,280.20)        d 
  NBUFFX8_G3B1I6/Z (NBUFFX4)                                                 0.132                          0.128 @    0.528 r    (497.92,280.09)        d 
  rclk_G3B3I6 (net)                            25       61.110                                              0.000      0.528 r    [26.39,61.11]          d 
  fpu_in/fpu_in_ctl/i_fp_type_in/q_reg[1]/CLK (DFFX1)              0.000     0.132     0.000                0.001 @    0.529 r    (498.27,300.39)
  fpu_in/fpu_in_ctl/i_fp_type_in/q_reg[1]/CLK (DFFX1)              0.000     0.132     0.000                0.000      0.529 r    (498.27,300.39)
  fpu_in/fpu_in_ctl/i_fp_type_in/q_reg[1]/Q (DFFX1)                          0.057                          0.214      0.743 f    (504.95,300.78)
  fpu_in/fpu_in_ctl/fp_type_in[1] (net)         1       14.564                                              0.000      0.743 f    [0.94,14.56]
  U1564/INP (INVX4)                                                0.000     0.057     0.000                0.000 &    0.743 f    (510.45,303.07)
  U1564/ZN (INVX4)                                                           0.040                          0.025      0.768 r    (510.72,303.08)
  n1495 (net)                                   1       24.229                                              0.000      0.768 r    [9.92,24.23]
  U1575/INP (INVX4)                                                0.000     0.040     0.000                0.001 &    0.769 r    (511.39,406.75)
  U1575/ZN (INVX4)                                                           0.029                          0.023 @    0.792 f    (511.12,406.77)
  n1496 (net)                                   1       26.081                                              0.000      0.792 f    [15.74,26.08]
  U1594/IN2 (NAND2X4)                                              0.000     0.029     0.000                0.001 @    0.793 f    (519.47,527.88)
  U1594/QN (NAND2X4)                                                         0.060                          0.030 @    0.823 r    (520.47,527.54)
  n873 (net)                                    1       26.306                                              0.000      0.823 r    [23.15,26.31]
  U1595/IN1 (NOR3X0)                                               0.000     0.060     0.000                0.002 @    0.825 r    (632.78,677.66)
  U1595/QN (NOR3X0)                                                          0.094                          0.054      0.879 f    (633.41,677.80)
  n874 (net)                                    1        5.893                                              0.000      0.879 f    [0.61,5.89]
  U2842/IN2 (NAND2X2)                                              0.000     0.094     0.000                0.000 &    0.879 f    (632.55,674.41)
  U2842/QN (NAND2X2)                                                         0.070                          0.046      0.925 r    (632.98,674.76)
  n1367 (net)                                   1       15.347                                              0.000      0.925 r    [1.04,15.35]
  U1592/INP (INVX4)                                                0.000     0.070     0.000                0.000 &    0.925 r    (632.03,665.95)
  U1592/ZN (INVX4)                                                           0.042                          0.028 @    0.953 f    (631.76,665.97)
  n1497 (net)                                   1       27.701                                              0.000      0.953 f    [14.08,27.70]
  U1596/INP (INVX4)                                                0.000     0.042     0.000                0.002 @    0.955 f    (496.03,651.57)
  U1596/ZN (INVX4)                                                           0.045                          0.028 @    0.984 r    (495.76,651.55)
  n1498 (net)                                   4       39.460                                              0.000      0.984 r    [27.75,39.46]
  U1540/IN1 (NOR2X1)                                               0.000     0.045     0.000                0.001 @    0.985 r    (383.31,476.38)
  U1540/QN (NOR2X1)                                                          0.095                          0.058      1.042 f    (383.12,475.87)
  n1008 (net)                                   4       14.186                                              0.000      1.042 f    [2.60,14.19]
  U1597/IN1 (NAND2X2)                                              0.000     0.095     0.000                0.000 &    1.043 f    (383.08,470.30)
  U1597/QN (NAND2X2)                                                         0.082                          0.052      1.094 r    (383.06,469.96)
  n933 (net)                                    3       24.672                                              0.000      1.094 r    [17.82,24.67]
  U2848/INP (INVX0)                                                0.000     0.082     0.000                0.001 &    1.095 r    (429.87,576.53)
  U2848/ZN (INVX0)                                                           0.042                          0.030      1.126 f    (430.34,576.51)
  n1519 (net)                                   1        2.843                                              0.000      1.126 f    [0.53,2.84]
  U2847/IN1 (NAND4X0)                                              0.000     0.042     0.000                0.000 &    1.126 f    (431.75,579.72)
  U2847/QN (NAND4X0)                                                         0.156                          0.042      1.168 r    (432.46,579.92)
  n942 (net)                                    2        4.833                                              0.000      1.168 r    [1.15,4.83]
  U1609/IN3 (OA21X1)                                               0.000     0.156     0.000                0.000 &    1.168 r    (433.38,582.28)
  U1609/Q (OA21X1)                                                           0.087                          0.112      1.280 r    (434.67,582.40)
  n950 (net)                                    4       20.087                                              0.000      1.280 r    [7.50,20.09]
  U1773/S (MUX21X1)                                                0.000     0.087     0.000                0.000 &    1.281 r    (468.29,594.13)
  U1773/Q (MUX21X1)                                                          0.100                          0.112      1.393 f    (470.63,593.47)
  inq_mul (net)                                 4       25.225                                              0.000      1.393 f    [17.41,25.22]
  U1774/IN2 (NOR4X0)                                               0.000     0.100     0.000                0.002 &    1.394 f    (600.23,625.81)
  U1774/QN (NOR4X0)                                                          0.524                          0.250      1.644 r    (600.45,626.08)
  n741 (net)                                    2       40.368                                              0.000      1.644 r    [36.99,40.37]
  fpu_mul/fmul_clken_l_buf1 (fpu_mul)                                                                       0.000      1.644 r    (netlink)
  fpu_mul/fmul_clken_l_buf1 (net)                       40.368                                              0.000      1.644 r    [36.99,40.37]
  fpu_mul/U209/IN1 (NAND2X0)                                       0.000     0.524     0.000                0.003 &    1.647 r    (719.15,699.74)
  fpu_mul/U209/QN (NAND2X0)                                                  0.160                          0.076      1.723 f    (719.32,700.62)
  fpu_mul/fpu_mul_exp_dp/ckbuf_mul_exp_dp/N1 (net)
                                                1        2.446                                              0.000      1.723 f    [0.73,2.45]
  fpu_mul/fpu_mul_exp_dp/ckbuf_mul_exp_dp/clken_reg/D (LATCHX1)    0.000     0.160     0.000                0.000 &    1.723 f    (718.78,707.22)
  data arrival time                                                                                                    1.723

  clock gclk' (rise edge)                                                                                   1.000      1.000
  gclk (in)                                                                  0.000                          0.000 @    1.000 f    (843.76,450.36)
  gclk (net)                                    2       45.996                                              0.000      1.000 f    [15.96,46.00]          d 
  U2423/INP (INVX8)                                                0.000     0.007     0.000                0.003 @    1.003 f    (673.35,452.85)        d 
  U2423/ZN (INVX8)                                                           0.016                          0.011 @    1.013 r    (673.87,452.72)        d 
  n747 (net)                                    2       20.230                                              0.000      1.013 r    [5.49,20.23]           d 
  U2424/IN2 (NOR2X4)                                               0.000     0.016     0.000                0.000 @    1.014 r    (629.46,455.36)        d 
  U2424/QN (NOR2X4)                                                          0.124                          0.070 @    1.084 f    (628.64,455.34)        d 
  rclk (net)                                    7       85.399                                              0.000      1.084 f    [63.31,85.40]          d 
  NBUFFX8_G3B3I1/INP (NBUFFX2)                                     0.000     0.125     0.000                0.004 @    1.087 f    (535.28,579.59)        d 
  NBUFFX8_G3B3I1/Z (NBUFFX2)                                                 0.077                          0.125 @    1.212 f    (535.90,579.57)        d 
  rclk_G3B1I1 (net)                             5       37.868                                              0.000      1.212 f    [10.46,37.87]          d 
  NBUFFX8_G3B2I12/INP (NBUFFX4)                                    0.000     0.077     0.000                0.000 @    1.213 f    (588.40,588.04)        d 
  NBUFFX8_G3B2I12/Z (NBUFFX4)                                                0.145                          0.155 @    1.368 f    (590.16,588.15)        d 
  rclk_G3B2I12 (net)                           15       78.670                                              0.000      1.368 f    [30.93,78.67]          d 
  fpu_mul/rclk_cts_6_4 (fpu_mul)                                                                            0.000      1.368 f    (netlink)
  fpu_mul/rclk_cts_6_4 (net)                            78.670                                              0.000      1.368 f    [30.93,78.67]          d 
  fpu_mul/NBUFFX8_G3B1I7/INP (NBUFFX4)                             0.000     0.145     0.000                0.001 @    1.368 f    (610.80,599.56)        d 
  fpu_mul/NBUFFX8_G3B1I7/Z (NBUFFX4)                                         0.054                          0.125 @    1.493 f    (612.56,599.67)        d 
  fpu_mul/rclk_G3B3I7 (net)                     1        8.584                                              0.000      1.493 f    [1.67,8.58]            d 
  fpu_mul/U662/INP (INVX2)                                         0.000     0.054     0.000                0.000 @    1.493 f    (620.21,605.28)        d 
  fpu_mul/U662/ZN (INVX2)                                                    0.050                          0.032 @    1.524 r    (620.37,605.48)        d 
  fpu_mul/n593 (net)                            1       19.928                                              0.000      1.524 r    [18.56,19.93]          d 
  fpu_mul/fpu_mul_exp_dp/ckbuf_mul_exp_dp/clken_reg/CLK (LATCHX1)
                                                                   0.000     0.050     0.000                0.001 @    1.525 r    (719.36,706.41)
  fpu_mul/fpu_mul_exp_dp/ckbuf_mul_exp_dp/clken_reg/CLK (LATCHX1)                                           0.000      1.525 r
  time borrowed from endpoint                                                                               0.198      1.723
  data required time                                                                                                   1.723
  -----------------------------------------------------------------------------------------------------------------------------------------------------------------
  data required time                                                                                                   1.723
  data arrival time                                                                                                   -1.723
  -----------------------------------------------------------------------------------------------------------------------------------------------------------------
  slack (MET)                                                                                                          0.000

  Time Borrowing Information
  -----------------------------------------------------------------------------------------------------------------
  gclk' nominal pulse width                                                                                 1.000   
  clock latency difference                                                                                 -0.001   
  library setup time                                                                                       -0.088   
  -----------------------------------------------------------------------------------------------------------------
  max time borrow                                                                                           0.911   
  actual time borrow                                                                                        0.198   
  -----------------------------------------------------------------------------------------------------------------


1
